
> quero-conversar@1.0.0 build
> vite build

npm : X [ERROR] Expected string in JSON but found "{"
No linha:1 caractere:1
+ npm run build > build-output.txt 2>&1 ; cat build-output.txt
+ ~~~~~~~~~~~~~~~~~~~~~~~~~~~~~~~~~~~~~
    + CategoryInfo          : NotSpecified: (X [ERROR] Expec...N but found "{":String) [], RemoteException
    + FullyQualifiedErrorId : NativeCommandError
 

    ../../../package.json:6:1:
      6 Ôöé  {
        ÔòÁ  ^

[31mfailed to load config from C:\Users\Paulinho Augusto\OneDrive\Desktop\QueroConversar\vite.config.ts[39m
[31merror during build:
Error: Build failed with 1 error:
../../../package.json:6:1: ERROR: Expected string in JSON but found "{"
    at failureErrorWithLog (C:\Users\Paulinho Augusto\OneDrive\Desktop\QueroConversar\node_modules\esbuild\lib\main.js:1472:15)
    at C:\Users\Paulinho Augusto\OneDrive\Desktop\QueroConversar\node_modules\esbuild\lib\main.js:945:25
    at runOnEndCallbacks (C:\Users\Paulinho Augusto\OneDrive\Desktop\QueroConversar\node_modules\esbuild\lib\main.js:1315:45)
    at buildResponseToResult (C:\Users\Paulinho Augusto\OneDrive\Desktop\QueroConversar\node_modules\esbuild\lib\main.js:943:7)
    at C:\Users\Paulinho Augusto\OneDrive\Desktop\QueroConversar\node_modules\esbuild\lib\main.js:970:16
    at responseCallbacks.<computed> (C:\Users\Paulinho Augusto\OneDrive\Desktop\QueroConversar\node_modules\esbuild\lib\main.js:622:9)
    at handleIncomingPacket (C:\Users\Paulinho Augusto\OneDrive\Desktop\QueroConversar\node_modules\esbuild\lib\main.js:677:12)
    at Socket.readFromStdout (C:\Users\Paulinho Augusto\OneDrive\Desktop\QueroConversar\node_modules\esbuild\lib\main.js:600:7)
    at Socket.emit (node:events:519:28)
    at addChunk (node:internal/streams/readable:559:12)[39m
